Java HotSpot(TM) 64-Bit Server VM (25.161-b12) for windows-amd64 JRE (1.8.0_161-b12), built on Dec 19 2017 17:52:25 by "java_re" with MS VC++ 10.0 (VS2010)
Memory: 4k page, physical 8218452k(4466076k free), swap 21653928k(14296236k free)
CommandLine flags: -XX:InitialHeapSize=131495232 -XX:MaxHeapSize=2103923712 -XX:+PrintGC -XX:+PrintGCDateStamps -XX:+PrintGCDetails -XX:+PrintGCTimeStamps -XX:+PrintHeapAtGC -XX:+UseCompressedClassPointers -XX:+UseCompressedOops -XX:-UseLargePagesIndividualAllocation -XX:+UseParallelGC 
{Heap before GC invocations=1 (full 0):
 PSYoungGen      total 37888K, used 32768K [0x00000000d6300000, 0x00000000d8d00000, 0x0000000100000000)
  eden space 32768K, 100% used [0x00000000d6300000,0x00000000d8300000,0x00000000d8300000)
  from space 5120K, 0% used [0x00000000d8800000,0x00000000d8800000,0x00000000d8d00000)
  to   space 5120K, 0% used [0x00000000d8300000,0x00000000d8300000,0x00000000d8800000)
 ParOldGen       total 86016K, used 0K [0x0000000082800000, 0x0000000087c00000, 0x00000000d6300000)
  object space 86016K, 0% used [0x0000000082800000,0x0000000082800000,0x0000000087c00000)
 Metaspace       used 2796K, capacity 4566K, committed 4864K, reserved 1056768K
  class space    used 307K, capacity 390K, committed 512K, reserved 1048576K
2020-02-14T19:51:19.283+0530: 0.319: [GC (Allocation Failure) [PSYoungGen: 32768K->800K(37888K)] 32768K->808K(123904K), 0.0026470 secs] [Times: user=0.00 sys=0.00, real=0.00 secs] 
Heap after GC invocations=1 (full 0):
 PSYoungGen      total 37888K, used 800K [0x00000000d6300000, 0x00000000d8d00000, 0x0000000100000000)
  eden space 32768K, 0% used [0x00000000d6300000,0x00000000d6300000,0x00000000d8300000)
  from space 5120K, 15% used [0x00000000d8300000,0x00000000d83c8020,0x00000000d8800000)
  to   space 5120K, 0% used [0x00000000d8800000,0x00000000d8800000,0x00000000d8d00000)
 ParOldGen       total 86016K, used 8K [0x0000000082800000, 0x0000000087c00000, 0x00000000d6300000)
  object space 86016K, 0% used [0x0000000082800000,0x0000000082802000,0x0000000087c00000)
 Metaspace       used 2796K, capacity 4566K, committed 4864K, reserved 1056768K
  class space    used 307K, capacity 390K, committed 512K, reserved 1048576K
}
{Heap before GC invocations=2 (full 0):
 PSYoungGen      total 37888K, used 33568K [0x00000000d6300000, 0x00000000d8d00000, 0x0000000100000000)
  eden space 32768K, 100% used [0x00000000d6300000,0x00000000d8300000,0x00000000d8300000)
  from space 5120K, 15% used [0x00000000d8300000,0x00000000d83c8020,0x00000000d8800000)
  to   space 5120K, 0% used [0x00000000d8800000,0x00000000d8800000,0x00000000d8d00000)
 ParOldGen       total 86016K, used 8K [0x0000000082800000, 0x0000000087c00000, 0x00000000d6300000)
  object space 86016K, 0% used [0x0000000082800000,0x0000000082802000,0x0000000087c00000)
 Metaspace       used 2797K, capacity 4566K, committed 4864K, reserved 1056768K
  class space    used 307K, capacity 390K, committed 512K, reserved 1048576K
2020-02-14T19:51:19.289+0530: 0.324: [GC (Allocation Failure) [PSYoungGen: 33568K->736K(37888K)] 33576K->744K(123904K), 0.0009889 secs] [Times: user=0.00 sys=0.00, real=0.00 secs] 
Heap after GC invocations=2 (full 0):
 PSYoungGen      total 37888K, used 736K [0x00000000d6300000, 0x00000000dad00000, 0x0000000100000000)
  eden space 32768K, 0% used [0x00000000d6300000,0x00000000d6300000,0x00000000d8300000)
  from space 5120K, 14% used [0x00000000d8800000,0x00000000d88b8020,0x00000000d8d00000)
  to   space 5120K, 0% used [0x00000000d8300000,0x00000000d8300000,0x00000000d8800000)
 ParOldGen       total 86016K, used 8K [0x0000000082800000, 0x0000000087c00000, 0x00000000d6300000)
  object space 86016K, 0% used [0x0000000082800000,0x0000000082802000,0x0000000087c00000)
 Metaspace       used 2797K, capacity 4566K, committed 4864K, reserved 1056768K
  class space    used 307K, capacity 390K, committed 512K, reserved 1048576K
}
{Heap before GC invocations=3 (full 0):
 PSYoungGen      total 37888K, used 33504K [0x00000000d6300000, 0x00000000dad00000, 0x0000000100000000)
  eden space 32768K, 100% used [0x00000000d6300000,0x00000000d8300000,0x00000000d8300000)
  from space 5120K, 14% used [0x00000000d8800000,0x00000000d88b8020,0x00000000d8d00000)
  to   space 5120K, 0% used [0x00000000d8300000,0x00000000d8300000,0x00000000d8800000)
 ParOldGen       total 86016K, used 8K [0x0000000082800000, 0x0000000087c00000, 0x00000000d6300000)
  object space 86016K, 0% used [0x0000000082800000,0x0000000082802000,0x0000000087c00000)
 Metaspace       used 2797K, capacity 4566K, committed 4864K, reserved 1056768K
  class space    used 307K, capacity 390K, committed 512K, reserved 1048576K
2020-02-14T19:51:19.292+0530: 0.328: [GC (Allocation Failure) [PSYoungGen: 33504K->768K(37888K)] 33512K->776K(123904K), 0.0009197 secs] [Times: user=0.00 sys=0.01, real=0.00 secs] 
Heap after GC invocations=3 (full 0):
 PSYoungGen      total 37888K, used 768K [0x00000000d6300000, 0x00000000dad00000, 0x0000000100000000)
  eden space 32768K, 0% used [0x00000000d6300000,0x00000000d6300000,0x00000000d8300000)
  from space 5120K, 15% used [0x00000000d8300000,0x00000000d83c0020,0x00000000d8800000)
  to   space 5120K, 0% used [0x00000000da800000,0x00000000da800000,0x00000000dad00000)
 ParOldGen       total 86016K, used 8K [0x0000000082800000, 0x0000000087c00000, 0x00000000d6300000)
  object space 86016K, 0% used [0x0000000082800000,0x0000000082802000,0x0000000087c00000)
 Metaspace       used 2797K, capacity 4566K, committed 4864K, reserved 1056768K
  class space    used 307K, capacity 390K, committed 512K, reserved 1048576K
}
{Heap before GC invocations=4 (full 0):
 PSYoungGen      total 37888K, used 33536K [0x00000000d6300000, 0x00000000dad00000, 0x0000000100000000)
  eden space 32768K, 100% used [0x00000000d6300000,0x00000000d8300000,0x00000000d8300000)
  from space 5120K, 15% used [0x00000000d8300000,0x00000000d83c0020,0x00000000d8800000)
  to   space 5120K, 0% used [0x00000000da800000,0x00000000da800000,0x00000000dad00000)
 ParOldGen       total 86016K, used 8K [0x0000000082800000, 0x0000000087c00000, 0x00000000d6300000)
  object space 86016K, 0% used [0x0000000082800000,0x0000000082802000,0x0000000087c00000)
 Metaspace       used 2799K, capacity 4566K, committed 4864K, reserved 1056768K
  class space    used 307K, capacity 390K, committed 512K, reserved 1048576K
2020-02-14T19:51:19.297+0530: 0.332: [GC (Allocation Failure) [PSYoungGen: 33536K->800K(70656K)] 33544K->816K(156672K), 0.0023119 secs] [Times: user=0.00 sys=0.00, real=0.00 secs] 
Heap after GC invocations=4 (full 0):
 PSYoungGen      total 70656K, used 800K [0x00000000d6300000, 0x00000000dad00000, 0x0000000100000000)
  eden space 65536K, 0% used [0x00000000d6300000,0x00000000d6300000,0x00000000da300000)
  from space 5120K, 15% used [0x00000000da800000,0x00000000da8c8020,0x00000000dad00000)
  to   space 5120K, 0% used [0x00000000da300000,0x00000000da300000,0x00000000da800000)
 ParOldGen       total 86016K, used 16K [0x0000000082800000, 0x0000000087c00000, 0x00000000d6300000)
  object space 86016K, 0% used [0x0000000082800000,0x0000000082804000,0x0000000087c00000)
 Metaspace       used 2799K, capacity 4566K, committed 4864K, reserved 1056768K
  class space    used 307K, capacity 390K, committed 512K, reserved 1048576K
}
{Heap before GC invocations=5 (full 0):
 PSYoungGen      total 70656K, used 66336K [0x00000000d6300000, 0x00000000dad00000, 0x0000000100000000)
  eden space 65536K, 100% used [0x00000000d6300000,0x00000000da300000,0x00000000da300000)
  from space 5120K, 15% used [0x00000000da800000,0x00000000da8c8020,0x00000000dad00000)
  to   space 5120K, 0% used [0x00000000da300000,0x00000000da300000,0x00000000da800000)
 ParOldGen       total 86016K, used 16K [0x0000000082800000, 0x0000000087c00000, 0x00000000d6300000)
  object space 86016K, 0% used [0x0000000082800000,0x0000000082804000,0x0000000087c00000)
 Metaspace       used 2799K, capacity 4566K, committed 4864K, reserved 1056768K
  class space    used 307K, capacity 390K, committed 512K, reserved 1048576K
2020-02-14T19:51:19.303+0530: 0.338: [GC (Allocation Failure) [PSYoungGen: 66336K->800K(70656K)] 66352K->816K(156672K), 0.0012159 secs] [Times: user=0.00 sys=0.00, real=0.00 secs] 
Heap after GC invocations=5 (full 0):
 PSYoungGen      total 70656K, used 800K [0x00000000d6300000, 0x00000000de500000, 0x0000000100000000)
  eden space 65536K, 0% used [0x00000000d6300000,0x00000000d6300000,0x00000000da300000)
  from space 5120K, 15% used [0x00000000da300000,0x00000000da3c8020,0x00000000da800000)
  to   space 1024K, 0% used [0x00000000de400000,0x00000000de400000,0x00000000de500000)
 ParOldGen       total 86016K, used 16K [0x0000000082800000, 0x0000000087c00000, 0x00000000d6300000)
  object space 86016K, 0% used [0x0000000082800000,0x0000000082804000,0x0000000087c00000)
 Metaspace       used 2799K, capacity 4566K, committed 4864K, reserved 1056768K
  class space    used 307K, capacity 390K, committed 512K, reserved 1048576K
}
{Heap before GC invocations=6 (full 0):
 PSYoungGen      total 70656K, used 66336K [0x00000000d6300000, 0x00000000de500000, 0x0000000100000000)
  eden space 65536K, 100% used [0x00000000d6300000,0x00000000da300000,0x00000000da300000)
  from space 5120K, 15% used [0x00000000da300000,0x00000000da3c8020,0x00000000da800000)
  to   space 1024K, 0% used [0x00000000de400000,0x00000000de400000,0x00000000de500000)
 ParOldGen       total 86016K, used 16K [0x0000000082800000, 0x0000000087c00000, 0x00000000d6300000)
  object space 86016K, 0% used [0x0000000082800000,0x0000000082804000,0x0000000087c00000)
 Metaspace       used 2799K, capacity 4566K, committed 4864K, reserved 1056768K
  class space    used 307K, capacity 390K, committed 512K, reserved 1048576K
2020-02-14T19:51:19.304+0530: 0.340: [GC (Allocation Failure) [PSYoungGen: 66336K->832K(132096K)] 66352K->848K(218112K), 0.0010135 secs] [Times: user=0.00 sys=0.00, real=0.00 secs] 
Heap after GC invocations=6 (full 0):
 PSYoungGen      total 132096K, used 832K [0x00000000d6300000, 0x00000000de500000, 0x0000000100000000)
  eden space 131072K, 0% used [0x00000000d6300000,0x00000000d6300000,0x00000000de300000)
  from space 1024K, 81% used [0x00000000de400000,0x00000000de4d0000,0x00000000de500000)
  to   space 1024K, 0% used [0x00000000de300000,0x00000000de300000,0x00000000de400000)
 ParOldGen       total 86016K, used 16K [0x0000000082800000, 0x0000000087c00000, 0x00000000d6300000)
  object space 86016K, 0% used [0x0000000082800000,0x0000000082804000,0x0000000087c00000)
 Metaspace       used 2799K, capacity 4566K, committed 4864K, reserved 1056768K
  class space    used 307K, capacity 390K, committed 512K, reserved 1048576K
}
{Heap before GC invocations=7 (full 0):
 PSYoungGen      total 132096K, used 131904K [0x00000000d6300000, 0x00000000de500000, 0x0000000100000000)
  eden space 131072K, 100% used [0x00000000d6300000,0x00000000de300000,0x00000000de300000)
  from space 1024K, 81% used [0x00000000de400000,0x00000000de4d0000,0x00000000de500000)
  to   space 1024K, 0% used [0x00000000de300000,0x00000000de300000,0x00000000de400000)
 ParOldGen       total 86016K, used 16K [0x0000000082800000, 0x0000000087c00000, 0x00000000d6300000)
  object space 86016K, 0% used [0x0000000082800000,0x0000000082804000,0x0000000087c00000)
 Metaspace       used 2801K, capacity 4566K, committed 4864K, reserved 1056768K
  class space    used 307K, capacity 390K, committed 512K, reserved 1048576K
2020-02-14T19:51:19.306+0530: 0.342: [GC (Allocation Failure) [PSYoungGen: 131904K->256K(132096K)] 131920K->944K(218112K), 0.0015503 secs] [Times: user=0.02 sys=0.00, real=0.00 secs] 
Heap after GC invocations=7 (full 0):
 PSYoungGen      total 132096K, used 256K [0x00000000d6300000, 0x00000000e6500000, 0x0000000100000000)
  eden space 131072K, 0% used [0x00000000d6300000,0x00000000d6300000,0x00000000de300000)
  from space 1024K, 25% used [0x00000000de300000,0x00000000de340000,0x00000000de400000)
  to   space 1024K, 0% used [0x00000000e6400000,0x00000000e6400000,0x00000000e6500000)
 ParOldGen       total 86016K, used 688K [0x0000000082800000, 0x0000000087c00000, 0x00000000d6300000)
  object space 86016K, 0% used [0x0000000082800000,0x00000000828ac050,0x0000000087c00000)
 Metaspace       used 2801K, capacity 4566K, committed 4864K, reserved 1056768K
  class space    used 307K, capacity 390K, committed 512K, reserved 1048576K
}
{Heap before GC invocations=8 (full 0):
 PSYoungGen      total 132096K, used 131328K [0x00000000d6300000, 0x00000000e6500000, 0x0000000100000000)
  eden space 131072K, 100% used [0x00000000d6300000,0x00000000de300000,0x00000000de300000)
  from space 1024K, 25% used [0x00000000de300000,0x00000000de340000,0x00000000de400000)
  to   space 1024K, 0% used [0x00000000e6400000,0x00000000e6400000,0x00000000e6500000)
 ParOldGen       total 86016K, used 688K [0x0000000082800000, 0x0000000087c00000, 0x00000000d6300000)
  object space 86016K, 0% used [0x0000000082800000,0x00000000828ac050,0x0000000087c00000)
 Metaspace       used 2803K, capacity 4566K, committed 4864K, reserved 1056768K
  class space    used 307K, capacity 390K, committed 512K, reserved 1048576K
2020-02-14T19:51:19.310+0530: 0.345: [GC (Allocation Failure) [PSYoungGen: 131328K->256K(263168K)] 132016K->1008K(349184K), 0.0008125 secs] [Times: user=0.00 sys=0.00, real=0.00 secs] 
Heap after GC invocations=8 (full 0):
 PSYoungGen      total 263168K, used 256K [0x00000000d6300000, 0x00000000e6500000, 0x0000000100000000)
  eden space 262144K, 0% used [0x00000000d6300000,0x00000000d6300000,0x00000000e6300000)
  from space 1024K, 25% used [0x00000000e6400000,0x00000000e6440000,0x00000000e6500000)
  to   space 1024K, 0% used [0x00000000e6300000,0x00000000e6300000,0x00000000e6400000)
 ParOldGen       total 86016K, used 752K [0x0000000082800000, 0x0000000087c00000, 0x00000000d6300000)
  object space 86016K, 0% used [0x0000000082800000,0x00000000828bc050,0x0000000087c00000)
 Metaspace       used 2803K, capacity 4566K, committed 4864K, reserved 1056768K
  class space    used 307K, capacity 390K, committed 512K, reserved 1048576K
}
{Heap before GC invocations=9 (full 0):
 PSYoungGen      total 263168K, used 262400K [0x00000000d6300000, 0x00000000e6500000, 0x0000000100000000)
  eden space 262144K, 100% used [0x00000000d6300000,0x00000000e6300000,0x00000000e6300000)
  from space 1024K, 25% used [0x00000000e6400000,0x00000000e6440000,0x00000000e6500000)
  to   space 1024K, 0% used [0x00000000e6300000,0x00000000e6300000,0x00000000e6400000)
 ParOldGen       total 86016K, used 752K [0x0000000082800000, 0x0000000087c00000, 0x00000000d6300000)
  object space 86016K, 0% used [0x0000000082800000,0x00000000828bc050,0x0000000087c00000)
 Metaspace       used 2858K, capacity 4566K, committed 4864K, reserved 1056768K
  class space    used 307K, capacity 390K, committed 512K, reserved 1048576K
2020-02-14T19:51:20.992+0530: 2.027: [GC (Allocation Failure) [PSYoungGen: 262400K->1024K(263168K)] 263152K->8680K(349184K), 0.0135940 secs] [Times: user=0.06 sys=0.00, real=0.01 secs] 
Heap after GC invocations=9 (full 0):
 PSYoungGen      total 263168K, used 1024K [0x00000000d6300000, 0x00000000f0500000, 0x0000000100000000)
  eden space 262144K, 0% used [0x00000000d6300000,0x00000000d6300000,0x00000000e6300000)
  from space 1024K, 100% used [0x00000000e6300000,0x00000000e6400000,0x00000000e6400000)
  to   space 4096K, 0% used [0x00000000f0100000,0x00000000f0100000,0x00000000f0500000)
 ParOldGen       total 86016K, used 7656K [0x0000000082800000, 0x0000000087c00000, 0x00000000d6300000)
  object space 86016K, 8% used [0x0000000082800000,0x0000000082f7a060,0x0000000087c00000)
 Metaspace       used 2858K, capacity 4566K, committed 4864K, reserved 1056768K
  class space    used 307K, capacity 390K, committed 512K, reserved 1048576K
}
{Heap before GC invocations=10 (full 0):
 PSYoungGen      total 263168K, used 263168K [0x00000000d6300000, 0x00000000f0500000, 0x0000000100000000)
  eden space 262144K, 100% used [0x00000000d6300000,0x00000000e6300000,0x00000000e6300000)
  from space 1024K, 100% used [0x00000000e6300000,0x00000000e6400000,0x00000000e6400000)
  to   space 4096K, 0% used [0x00000000f0100000,0x00000000f0100000,0x00000000f0500000)
 ParOldGen       total 86016K, used 7656K [0x0000000082800000, 0x0000000087c00000, 0x00000000d6300000)
  object space 86016K, 8% used [0x0000000082800000,0x0000000082f7a060,0x0000000087c00000)
 Metaspace       used 2858K, capacity 4566K, committed 4864K, reserved 1056768K
  class space    used 307K, capacity 390K, committed 512K, reserved 1048576K
2020-02-14T19:51:21.058+0530: 2.093: [GC (Allocation Failure) [PSYoungGen: 263168K->1856K(423936K)] 270824K->9568K(509952K), 0.0113429 secs] [Times: user=0.00 sys=0.02, real=0.01 secs] 
Heap after GC invocations=10 (full 0):
 PSYoungGen      total 423936K, used 1856K [0x00000000d6300000, 0x00000000f0500000, 0x0000000100000000)
  eden space 419840K, 0% used [0x00000000d6300000,0x00000000d6300000,0x00000000efd00000)
  from space 4096K, 45% used [0x00000000f0100000,0x00000000f02d0000,0x00000000f0500000)
  to   space 4096K, 0% used [0x00000000efd00000,0x00000000efd00000,0x00000000f0100000)
 ParOldGen       total 86016K, used 7712K [0x0000000082800000, 0x0000000087c00000, 0x00000000d6300000)
  object space 86016K, 8% used [0x0000000082800000,0x0000000082f88060,0x0000000087c00000)
 Metaspace       used 2858K, capacity 4566K, committed 4864K, reserved 1056768K
  class space    used 307K, capacity 390K, committed 512K, reserved 1048576K
}
{Heap before GC invocations=11 (full 0):
 PSYoungGen      total 423936K, used 421696K [0x00000000d6300000, 0x00000000f0500000, 0x0000000100000000)
  eden space 419840K, 100% used [0x00000000d6300000,0x00000000efd00000,0x00000000efd00000)
  from space 4096K, 45% used [0x00000000f0100000,0x00000000f02d0000,0x00000000f0500000)
  to   space 4096K, 0% used [0x00000000efd00000,0x00000000efd00000,0x00000000f0100000)
 ParOldGen       total 86016K, used 7712K [0x0000000082800000, 0x0000000087c00000, 0x00000000d6300000)
  object space 86016K, 8% used [0x0000000082800000,0x0000000082f88060,0x0000000087c00000)
 Metaspace       used 2858K, capacity 4566K, committed 4864K, reserved 1056768K
  class space    used 307K, capacity 390K, committed 512K, reserved 1048576K
2020-02-14T19:51:21.130+0530: 2.165: [GC (Allocation Failure) [PSYoungGen: 421696K->768K(423936K)] 429408K->10248K(509952K), 0.0129273 secs] [Times: user=0.11 sys=0.02, real=0.01 secs] 
Heap after GC invocations=11 (full 0):
 PSYoungGen      total 423936K, used 768K [0x00000000d6300000, 0x00000000ffb00000, 0x0000000100000000)
  eden space 419840K, 0% used [0x00000000d6300000,0x00000000d6300000,0x00000000efd00000)
  from space 4096K, 18% used [0x00000000efd00000,0x00000000efdc0000,0x00000000f0100000)
  to   space 4096K, 0% used [0x00000000ff700000,0x00000000ff700000,0x00000000ffb00000)
 ParOldGen       total 86016K, used 9480K [0x0000000082800000, 0x0000000087c00000, 0x00000000d6300000)
  object space 86016K, 11% used [0x0000000082800000,0x0000000083142060,0x0000000087c00000)
 Metaspace       used 2858K, capacity 4566K, committed 4864K, reserved 1056768K
  class space    used 307K, capacity 390K, committed 512K, reserved 1048576K
}
{Heap before GC invocations=12 (full 0):
 PSYoungGen      total 423936K, used 420608K [0x00000000d6300000, 0x00000000ffb00000, 0x0000000100000000)
  eden space 419840K, 100% used [0x00000000d6300000,0x00000000efd00000,0x00000000efd00000)
  from space 4096K, 18% used [0x00000000efd00000,0x00000000efdc0000,0x00000000f0100000)
  to   space 4096K, 0% used [0x00000000ff700000,0x00000000ff700000,0x00000000ffb00000)
 ParOldGen       total 86016K, used 9480K [0x0000000082800000, 0x0000000087c00000, 0x00000000d6300000)
  object space 86016K, 11% used [0x0000000082800000,0x0000000083142060,0x0000000087c00000)
 Metaspace       used 2858K, capacity 4566K, committed 4864K, reserved 1056768K
  class space    used 307K, capacity 390K, committed 512K, reserved 1048576K
2020-02-14T19:51:21.208+0530: 2.243: [GC (Allocation Failure) [PSYoungGen: 420608K->768K(675840K)] 430088K->10992K(761856K), 0.0141990 secs] [Times: user=0.06 sys=0.03, real=0.02 secs] 
Heap after GC invocations=12 (full 0):
 PSYoungGen      total 675840K, used 768K [0x00000000d6300000, 0x00000000ffb00000, 0x0000000100000000)
  eden space 671744K, 0% used [0x00000000d6300000,0x00000000d6300000,0x00000000ff300000)
  from space 4096K, 18% used [0x00000000ff700000,0x00000000ff7c0000,0x00000000ffb00000)
  to   space 4096K, 0% used [0x00000000ff300000,0x00000000ff300000,0x00000000ff700000)
 ParOldGen       total 86016K, used 10224K [0x0000000082800000, 0x0000000087c00000, 0x00000000d6300000)
  object space 86016K, 11% used [0x0000000082800000,0x00000000831fc060,0x0000000087c00000)
 Metaspace       used 2858K, capacity 4566K, committed 4864K, reserved 1056768K
  class space    used 307K, capacity 390K, committed 512K, reserved 1048576K
}
{Heap before GC invocations=13 (full 0):
 PSYoungGen      total 675840K, used 672512K [0x00000000d6300000, 0x00000000ffb00000, 0x0000000100000000)
  eden space 671744K, 100% used [0x00000000d6300000,0x00000000ff300000,0x00000000ff300000)
  from space 4096K, 18% used [0x00000000ff700000,0x00000000ff7c0000,0x00000000ffb00000)
  to   space 4096K, 0% used [0x00000000ff300000,0x00000000ff300000,0x00000000ff700000)
 ParOldGen       total 86016K, used 10224K [0x0000000082800000, 0x0000000087c00000, 0x00000000d6300000)
  object space 86016K, 11% used [0x0000000082800000,0x00000000831fc060,0x0000000087c00000)
 Metaspace       used 2859K, capacity 4566K, committed 4864K, reserved 1056768K
  class space    used 307K, capacity 390K, committed 512K, reserved 1048576K
2020-02-14T19:51:21.623+0530: 2.658: [GC (Allocation Failure) [PSYoungGen: 672512K->2176K(675840K)] 682736K->13144K(761856K), 0.0176271 secs] [Times: user=0.11 sys=0.00, real=0.02 secs] 
Heap after GC invocations=13 (full 0):
 PSYoungGen      total 675840K, used 2176K [0x00000000d6300000, 0x0000000100000000, 0x0000000100000000)
  eden space 671744K, 0% used [0x00000000d6300000,0x00000000d6300000,0x00000000ff300000)
  from space 4096K, 53% used [0x00000000ff300000,0x00000000ff520010,0x00000000ff700000)
  to   space 4096K, 0% used [0x00000000ffc00000,0x00000000ffc00000,0x0000000100000000)
 ParOldGen       total 86016K, used 10968K [0x0000000082800000, 0x0000000087c00000, 0x00000000d6300000)
  object space 86016K, 12% used [0x0000000082800000,0x00000000832b6060,0x0000000087c00000)
 Metaspace       used 2859K, capacity 4566K, committed 4864K, reserved 1056768K
  class space    used 307K, capacity 390K, committed 512K, reserved 1048576K
}
{Heap before GC invocations=14 (full 0):
 PSYoungGen      total 675840K, used 673920K [0x00000000d6300000, 0x0000000100000000, 0x0000000100000000)
  eden space 671744K, 100% used [0x00000000d6300000,0x00000000ff300000,0x00000000ff300000)
  from space 4096K, 53% used [0x00000000ff300000,0x00000000ff520010,0x00000000ff700000)
  to   space 4096K, 0% used [0x00000000ffc00000,0x00000000ffc00000,0x0000000100000000)
 ParOldGen       total 86016K, used 10968K [0x0000000082800000, 0x0000000087c00000, 0x00000000d6300000)
  object space 86016K, 12% used [0x0000000082800000,0x00000000832b6060,0x0000000087c00000)
 Metaspace       used 2861K, capacity 4566K, committed 4864K, reserved 1056768K
  class space    used 307K, capacity 390K, committed 512K, reserved 1048576K
2020-02-14T19:51:23.103+0530: 4.138: [GC (Allocation Failure) [PSYoungGen: 673920K->4096K(677888K)] 684888K->17776K(763904K), 0.0297889 secs] [Times: user=0.08 sys=0.02, real=0.03 secs] 
Heap after GC invocations=14 (full 0):
 PSYoungGen      total 677888K, used 4096K [0x00000000d6300000, 0x0000000100000000, 0x0000000100000000)
  eden space 673792K, 0% used [0x00000000d6300000,0x00000000d6300000,0x00000000ff500000)
  from space 4096K, 100% used [0x00000000ffc00000,0x0000000100000000,0x0000000100000000)
  to   space 5632K, 0% used [0x00000000ff500000,0x00000000ff500000,0x00000000ffa80000)
 ParOldGen       total 86016K, used 13680K [0x0000000082800000, 0x0000000087c00000, 0x00000000d6300000)
  object space 86016K, 15% used [0x0000000082800000,0x000000008355c070,0x0000000087c00000)
 Metaspace       used 2861K, capacity 4566K, committed 4864K, reserved 1056768K
  class space    used 307K, capacity 390K, committed 512K, reserved 1048576K
}
{Heap before GC invocations=15 (full 0):
 PSYoungGen      total 677888K, used 677888K [0x00000000d6300000, 0x0000000100000000, 0x0000000100000000)
  eden space 673792K, 100% used [0x00000000d6300000,0x00000000ff500000,0x00000000ff500000)
  from space 4096K, 100% used [0x00000000ffc00000,0x0000000100000000,0x0000000100000000)
  to   space 5632K, 0% used [0x00000000ff500000,0x00000000ff500000,0x00000000ffa80000)
 ParOldGen       total 86016K, used 13680K [0x0000000082800000, 0x0000000087c00000, 0x00000000d6300000)
  object space 86016K, 15% used [0x0000000082800000,0x000000008355c070,0x0000000087c00000)
 Metaspace       used 2862K, capacity 4566K, committed 4864K, reserved 1056768K
  class space    used 307K, capacity 390K, committed 512K, reserved 1048576K
2020-02-14T19:51:24.167+0530: 5.203: [GC (Allocation Failure) [PSYoungGen: 677888K->3840K(677888K)] 691568K->21688K(763904K), 0.0293414 secs] [Times: user=0.08 sys=0.03, real=0.03 secs] 
Heap after GC invocations=15 (full 0):
 PSYoungGen      total 677888K, used 3840K [0x00000000d6300000, 0x0000000100000000, 0x0000000100000000)
  eden space 673792K, 0% used [0x00000000d6300000,0x00000000d6300000,0x00000000ff500000)
  from space 4096K, 93% used [0x00000000ff500000,0x00000000ff8c0000,0x00000000ff900000)
  to   space 6144K, 0% used [0x00000000ffa00000,0x00000000ffa00000,0x0000000100000000)
 ParOldGen       total 86016K, used 17848K [0x0000000082800000, 0x0000000087c00000, 0x00000000d6300000)
  object space 86016K, 20% used [0x0000000082800000,0x000000008396e070,0x0000000087c00000)
 Metaspace       used 2862K, capacity 4566K, committed 4864K, reserved 1056768K
  class space    used 307K, capacity 390K, committed 512K, reserved 1048576K
}
{Heap before GC invocations=16 (full 0):
 PSYoungGen      total 677888K, used 677632K [0x00000000d6300000, 0x0000000100000000, 0x0000000100000000)
  eden space 673792K, 100% used [0x00000000d6300000,0x00000000ff500000,0x00000000ff500000)
  from space 4096K, 93% used [0x00000000ff500000,0x00000000ff8c0000,0x00000000ff900000)
  to   space 6144K, 0% used [0x00000000ffa00000,0x00000000ffa00000,0x0000000100000000)
 ParOldGen       total 86016K, used 17848K [0x0000000082800000, 0x0000000087c00000, 0x00000000d6300000)
  object space 86016K, 20% used [0x0000000082800000,0x000000008396e070,0x0000000087c00000)
 Metaspace       used 2878K, capacity 4566K, committed 4864K, reserved 1056768K
  class space    used 307K, capacity 390K, committed 512K, reserved 1048576K
2020-02-14T19:51:25.065+0530: 6.101: [GC (Allocation Failure) [PSYoungGen: 677632K->2880K(678912K)] 695480K->24528K(764928K), 0.0364111 secs] [Times: user=0.19 sys=0.00, real=0.04 secs] 
Heap after GC invocations=16 (full 0):
 PSYoungGen      total 678912K, used 2880K [0x00000000d6300000, 0x0000000100000000, 0x0000000100000000)
  eden space 672768K, 0% used [0x00000000d6300000,0x00000000d6300000,0x00000000ff400000)
  from space 6144K, 46% used [0x00000000ffa00000,0x00000000ffcd0000,0x0000000100000000)
  to   space 6144K, 0% used [0x00000000ff400000,0x00000000ff400000,0x00000000ffa00000)
 ParOldGen       total 86016K, used 21648K [0x0000000082800000, 0x0000000087c00000, 0x00000000d6300000)
  object space 86016K, 25% used [0x0000000082800000,0x0000000083d24070,0x0000000087c00000)
 Metaspace       used 2878K, capacity 4566K, committed 4864K, reserved 1056768K
  class space    used 307K, capacity 390K, committed 512K, reserved 1048576K
}
Heap
 PSYoungGen      total 678912K, used 468605K [0x00000000d6300000, 0x0000000100000000, 0x0000000100000000)
  eden space 672768K, 69% used [0x00000000d6300000,0x00000000f29cf480,0x00000000ff400000)
  from space 6144K, 46% used [0x00000000ffa00000,0x00000000ffcd0000,0x0000000100000000)
  to   space 6144K, 0% used [0x00000000ff400000,0x00000000ff400000,0x00000000ffa00000)
 ParOldGen       total 86016K, used 21648K [0x0000000082800000, 0x0000000087c00000, 0x00000000d6300000)
  object space 86016K, 25% used [0x0000000082800000,0x0000000083d24070,0x0000000087c00000)
 Metaspace       used 3447K, capacity 4566K, committed 4864K, reserved 1056768K
  class space    used 381K, capacity 390K, committed 512K, reserved 1048576K
